Creating test database for alias 'default' ('file:memorydb_default?mode=memory&cache=shared')...

Found 11 test(s).
Operations to perform:
  Synchronize unmigrated apps: ckeditor, crispy_bootstrap5, crispy_forms, django_htmx, humanize, messages, reports, staticfiles
  Apply all migrations: admin, ai_core, auth, comercial, contenttypes, core, estoque, faturamento, financeiro, integracao_cora, nfse_nacional, operacional, portal, sessions
Synchronizing apps without migrations:
  Creating tables...
    Running deferred SQL...
Running migrations:
  Applying contenttypes.0001_initial... OK
  Applying auth.0001_initial... OK
  Applying admin.0001_initial... OK
  Applying admin.0002_logentry_remove_auto_add... OK
  Applying admin.0003_logentry_add_action_flag_choices... OK
  Applying ai_core.0001_initial... OK
  Applying contenttypes.0002_remove_content_type_name... OK
  Applying auth.0002_alter_permission_name_max_length... OK
  Applying auth.0003_alter_user_email_max_length... OK
  Applying auth.0004_alter_user_username_opts... OK
  Applying auth.0005_alter_user_last_login_null... OK
  Applying auth.0006_require_contenttypes_0002... OK
  Applying auth.0007_alter_validators_add_error_messages... OK
  Applying auth.0008_alter_user_username_max_length... OK
  Applying auth.0009_alter_user_last_name_max_length... OK
  Applying auth.0010_alter_group_name_max_length... OK
  Applying auth.0011_update_proxy_permissions... OK
  Applying auth.0012_alter_user_first_name_max_length... OK
  Applying estoque.0001_initial... OK
  Applying estoque.0002_brand_category_product_brand_product_category... OK
  Applying core.0001_initial... OK
  Applying comercial.0001_initial... OK
  Applying comercial.0002_delete_client_delete_supplier... OK
  Applying comercial.0003_initial... OK
  Applying comercial.0004_service_remove_budget_description_budget_address_and_more... OK
  Applying comercial.0005_budget_followup_strategy_budget_last_followup... OK
  Applying comercial.0006_budget_approved_by_operations_contract_budget... OK
  Applying comercial.0007_budget_payment_details_alter_budget_payment_method... OK
  Applying comercial.0008_contracttemplate_template_type... OK
  Applying core.0002_person_is_final_consumer... OK
  Applying core.0003_person_responsible_cpf_person_responsible_name... OK
  Applying core.0004_service_aliquota_iss_and_more... OK
  Applying core.0005_service_codigo_nbs_and_more... OK
  Applying core.0006_person_codigo_municipio_ibge_alter_person_state_and_more... OK
  Applying core.0007_notification... OK
  Applying core.0008_technician... OK
  Applying estoque.0003_stocklocation_inventory_inventoryitem_and_more... OK
  Applying faturamento.0001_initial... OK
  Applying faturamento.0002_invoice_client_invoice_competence_month_and_more... OK
  Applying faturamento.0003_notaentrada_notaentradaitem... OK
  Applying faturamento.0004_notaentradaitem_cean_notaentradaitem_cprod_and_more... OK
  Applying faturamento.0005_alter_notaentrada_chave_acesso_notaentradaparcela... OK
  Applying financeiro.0001_initial... OK
  Applying financeiro.0002_accountpayable_accountreceivable_financialcategory_and_more... OK
  Applying financeiro.0003_cashaccount_costcenter_and_more... OK
  Applying financeiro.0004_receipt... OK
  Applying financeiro.0005_budgetplan_financialcategory_parent_budgetitem... OK
  Applying financeiro.0006_accountreceivable_invoice... OK
  Applying financeiro.0007_alter_cashaccount_options_and_more... OK
  Applying financeiro.0008_alter_accountpayable_payment_method... OK
  Applying nfse_nacional.0001_initial... OK
  Applying nfse_nacional.0002_alter_nfse_cliente_delete_cliente... OK
  Applying nfse_nacional.0003_alter_nfse_servico_delete_servico... OK
  Applying nfse_nacional.0004_empresa_codigo_mun_ibge... OK
  Applying integracao_cora.0001_initial... OK
  Applying integracao_cora.0002_coraconfig_certificado_pem_coraconfig_chave_privada... OK
  Applying integracao_cora.0003_alter_coraconfig_client_secret... OK
  Applying operacional.0001_initial... OK
  Applying operacional.0002_serviceorder_budget_alter_serviceorder_status... OK
  Applying operacional.0003_serviceorder_address_serviceorder_contact_and_more... OK
  Applying operacional.0004_alter_serviceorder_product_serviceorderitem... OK
  Applying operacional.0005_serviceorder_signature_image... OK
  Applying operacional.0006_serviceorder_checkin_lat_serviceorder_checkin_long_and_more... OK
  Applying operacional.0007_serviceorder_technician_and_more... OK
  Applying operacional.0008_serviceorder_solution... OK
  Applying operacional.0009_checklistcategoria_checklistpergunta_and_more... OK
  Applying portal.0001_initial... OK
  Applying sessions.0001_initial... OK
System check identified some issues:

WARNINGS:
?: (ckeditor.W001) django-ckeditor bundles CKEditor 4.22.1 which isn't supported anmyore and which does have unfixed security issues, see for example https://ckeditor.com/cke4/release/CKEditor-4.24.0-LTS . You should consider strongly switching to a different editor (maybe CKEditor 5 respectively django-ckeditor-5 after checking whether the CKEditor 5 license terms work for you) or switch to the non-free CKEditor 4 LTS package. See https://ckeditor.com/ckeditor-4-support/ for more on this. (Note! This notice has been added by the django-ckeditor developers and we are not affiliated with CKSource and were not involved in the licensing change, so please refrain from complaining to us. Thanks.)

System check identified 1 issue (0 silenced).
C:\Users\eldon\AppData\Local\Programs\Python\Python313\Lib\unittest\case.py:116: UserWarning: Overriding setting DATABASES can lead to unexpected behavior.
  result = enter(cm)
test_ai_processar_post_json (erp.tests_integration.AICoreIntegrationTest.test_ai_processar_post_json) ... ok
test_clientes_list_authenticated (erp.tests_integration.ComercialIntegrationTest.test_clientes_list_authenticated) ... ok
test_clientes_list_unauthenticated (erp.tests_integration.ComercialIntegrationTest.test_clientes_list_unauthenticated) ... ok
test_orcamentos_create_authenticated (erp.tests_integration.ComercialIntegrationTest.test_orcamentos_create_authenticated) ... ok
test_orcamentos_list_authenticated (erp.tests_integration.ComercialIntegrationTest.test_orcamentos_list_authenticated) ... ok
test_dashboard_authenticated (erp.tests_integration.DashboardIntegrationTest.test_dashboard_authenticated) ... ok
test_dashboard_unauthenticated (erp.tests_integration.DashboardIntegrationTest.test_dashboard_unauthenticated) ... ok
test_contas_pagar_create (erp.tests_integration.FinanceiroIntegrationTest.test_contas_pagar_create) ... ok
test_contas_pagar_list_authenticated (erp.tests_integration.FinanceiroIntegrationTest.test_contas_pagar_list_authenticated) ... ok
test_os_create_authenticated (erp.tests_integration.OperacionalIntegrationTest.test_os_create_authenticated) ... ok
test_os_list_authenticated (erp.tests_integration.OperacionalIntegrationTest.test_os_list_authenticated) ... ok

----------------------------------------------------------------------
Ran 11 tests in 3.882s

OK
Destroying test database for alias 'default' ('file:memorydb_default?mode=memory&cache=shared')...

